 eboot

 Timestamp is 4a16187a (Fri May 22 11:14:02 2009)

 Preferred load address is 06000000

 Start         Length     Name                   Class
 0001:00000000 00005ac0H .text                   CODE
 0001:00005ac0 0000042aH .text$x                 CODE
 0002:00000000 00000100H .idata$5                DATA
 0002:00000100 00000038H .rdata                  DATA
 0002:00000138 00000044H .rdata$r                DATA
 0002:00000180 00000e20H .xdata$x                DATA
 0002:00000fa0 00000064H .idata$2                DATA
 0002:00001004 00000014H .idata$3                DATA
 0002:00001018 00000100H .idata$4                DATA
 0002:00001118 000003faH .idata$6                DATA
 0002:00001520 00000140H .edata                  DATA
 0003:00000000 00000004H .CRT$XCA                DATA
 0003:00000004 0000001cH .CRT$XCU                DATA
 0003:00000020 00000004H .CRT$XCZ                DATA
 0003:00000024 00000004H .CRT$XIA                DATA
 0003:00000028 00000004H .CRT$XIZ                DATA
 0003:00000030 00001198H .data                   DATA
 0003:000011c8 001004ecH .bss                    DATA
 0004:00000000 00000058H .rsrc$01                DATA
 0004:00000060 00000520H .rsrc$02                DATA

  Address         Publics by Value              Rva+Base     Lib:Object

 0001:00000540       _DllMain@12                06001540 f   dll_main.obj
 0001:00000740       ?_Tidy@?$basic_string@DU?$char_traits@D@std@@V?$allocator@D@2@@std@@AAEX_N@Z 06001740 f i dll_main.obj
 0001:00000790       ?_Grow@?$basic_string@DU?$char_traits@D@std@@V?$allocator@D@2@@std@@AAE_NI_N@Z 06001790 f i dll_main.obj
 0001:000008b0       ?_Copy@?$basic_string@DU?$char_traits@D@std@@V?$allocator@D@2@@std@@AAEXI@Z 060018b0 f i dll_main.obj
 0001:000009a0       ?CreateEbootProcess@@YAHPAD@Z 060019a0 f   eboot.obj
 0001:00000ad0       ?GetEbootComPort@@YAHAAPAXPAHHPAUDownload_Context@@@Z 06001ad0 f   eboot.obj
 0001:00000d50       ?BootMode@@YA?AW4EBOOT_RESULT@@AAPAXHW4COMM_BAUDRATE@@@Z 06001d50 f   eboot.obj
 0001:00001130       ?eboot_strcmp@@YA_NPADK00K@Z 06002130 f   eboot.obj
 0001:000011a0       _SP_BootAsMeta@20          060021a0 f   eboot.obj
 0001:000014d0       ??1eboot_slight_exception@@UAE@XZ 060024d0 f i eboot.obj
 0001:00001510       ?what@eboot_slight_exception@@UBE?AV?$basic_string@DU?$char_traits@D@std@@V?$allocator@D@2@@std@@XZ 06002510 f i eboot.obj
 0001:00001510       ?what@eboot_fault_exception@@UBE?AV?$basic_string@DU?$char_traits@D@std@@V?$allocator@D@2@@std@@XZ 06002510 f i eboot.obj
 0001:00001650       ??_Eeboot_slight_exception@@UAEPAXI@Z 06002650 f i eboot.obj
 0001:00001650       ??_Geboot_slight_exception@@UAEPAXI@Z 06002650 f i eboot.obj
 0001:00001670       ??0eboot_slight_exception@@QAE@ABV0@@Z 06002670 f i eboot.obj
 0001:000017c0       _SP_BootAsFactoryNormalMode@8 060027c0 f   eboot.obj
 0001:00001ba0       ?trace@@YAHPBDZZ           06002ba0 f   eboot.obj
 0001:00001c40       ?Read_pattern_ack@@YAHPBDIPAD1IPAHPAXH@Z 06002c40 f   eboot.obj
 0001:00001dd0       ?_Eos@?$basic_string@DU?$char_traits@D@std@@V?$allocator@D@2@@std@@AAEXI@Z 06002dd0 f i eboot.obj
 0001:00001df0       ?_Freeze@?$basic_string@DU?$char_traits@D@std@@V?$allocator@D@2@@std@@AAEXXZ 06002df0 f i eboot.obj
 0001:00001ed0       ?Eboot_GetDLLInfo@@YGHPAPBD000@Z 06002ed0 f   eboot_debug.obj
 0001:000020f0       ?Eboot_DebugOn@@YGHXZ      060030f0 f   eboot_debug.obj
 0001:000021d0       ?Eboot_DebugOff@@YGHXZ     060031d0 f   eboot_debug.obj
 0001:00002250       ?Eboot_DebugClear@@YGHXZ   06003250 f   eboot_debug.obj
 0001:00002350       _Eboot_GetDLLVer@16        06003350 f   eboot_debug.obj
 0001:00002670       _SP_Flash_Download@20      06003670 f   FT_Download.obj
 0001:00002710       ??0FTDownload@@QAE@XZ      06003710 f   FT_Download.obj
 0001:00002770       ??1Download_Context@@QAE@XZ 06003770 f i FT_Download.obj
 0001:000027a0       ??0FTDownload@@QAE@UFT_Download_ARG@@@Z 060037a0 f   FT_Download.obj
 0001:00002820       ??1FTDownload@@QAE@XZ      06003820 f   FT_Download.obj
 0001:00002940       ?Initial@FTDownload@@IAEXXZ 06003940 f   FT_Download.obj
 0001:00002960       ?Get_error_code@FTDownload@@QAE?AW4EBOOT_RESULT@@XZ 06003960 f   FT_Download.obj
 0001:00002970       ?Download@FTDownload@@UAEXXZ 06003970 f   FT_Download.obj
 0001:00002b20       ?Check_stop_flag@FTDownload@@IAEXXZ 06003b20 f   FT_Download.obj
 0001:00002b60       ?open_wince_usb_port@FTDownload@@IAEHXZ 06003b60 f   FT_Download.obj
 0001:00002c30       ??1eboot_fault_exception@@UAE@XZ 06003c30 f i FT_Download.obj
 0001:00002c70       ??_Geboot_fault_exception@@UAEPAXI@Z 06003c70 f i FT_Download.obj
 0001:00002c70       ??_Eeboot_fault_exception@@UAEPAXI@Z 06003c70 f i FT_Download.obj
 0001:00002c90       ??0eboot_fault_exception@@QAE@ABV0@@Z 06003c90 f i FT_Download.obj
 0001:00002de0       ?open_flash_file@FTDownload@@IAEHV?$basic_string@DU?$char_traits@D@std@@V?$allocator@D@2@@std@@H@Z 06003de0 f   FT_Download.obj
 0001:00002f20       ?Boot@FTDownload@@MAEHXZ   06003f20 f   FT_Download.obj
 0001:000030f0       ?Wait_ready_pattern@FTDownload@@IAEHXZ 060040f0 f   FT_Download.obj
 0001:000031d0       ?Write_pattern@FTDownload@@IAEHPBDI@Z 060041d0 f   FT_Download.obj
 0001:00003280       ?Read_ack@FTDownload@@IAEHPBDIPAD1@Z 06004280 f   FT_Download.obj
 0001:000032b0       ?Write_and_read_dl_pattern@FTDownload@@IAEHXZ 060042b0 f   FT_Download.obj
 0001:000033e0       ?Scan_exist_wince_usb_port@FTDownload@@IAEXXZ 060043e0 f   FT_Download.obj
 0001:00003510       ?SendImage@FTDownload@@IAEHXZ 06004510 f   FT_Download.obj
 0001:00003830       ??0?$basic_string@DU?$char_traits@D@std@@V?$allocator@D@2@@std@@QAE@PBDABV?$allocator@D@1@@Z 06004830 f i FT_Download.obj
 0001:000038f0       ??1?$basic_string@DU?$char_traits@D@std@@V?$allocator@D@2@@std@@QAE@XZ 060048f0 f i FT_Download.obj
 0001:00003930       ?insert@?$vector@HV?$allocator@H@std@@@std@@QAEXPAHIABH@Z 06004930 f i FT_Download.obj
 0001:00003b40       ??0MetaTraceHandle@@QAE@PBD@Z 06004b40 f   Mdebug.obj
 0001:00003cd0       ??1MetaTraceHandle@@QAE@XZ 06004cd0 f   Mdebug.obj
 0001:00003d70       ??0MetaTrace_Handle_Sentry@@QAE@AAPAUMetaTraceHandle@@PBD_N2E11@Z 06004d70 f   Mdebug.obj
 0001:00003dc0       ??1MetaTrace_Handle_Sentry@@QAE@XZ 06004dc0 f   Mdebug.obj
 0001:00003e60       ??0InitMdebug@@QAE@XZ      06004e60 f   Mdebug.obj
 0001:00003e80       ??1InitMdebug@@QAE@XZ      06004e80 f   Mdebug.obj
 0001:00003e90       ??0MetaTrace@@QAE@PBDHE0@Z 06004e90 f   Mdebug.obj
 0001:00003ee0       ??_GMetaTrace@@UAEPAXI@Z   06004ee0 f i Mdebug.obj
 0001:00003ee0       ??_EMetaTrace@@UAEPAXI@Z   06004ee0 f i Mdebug.obj
 0001:00003f00       ??1MetaTrace@@UAE@XZ       06004f00 f   Mdebug.obj
 0001:00003f10       ??RMetaTrace@@QAAXPAUMetaTraceHandle@@PBDZZ 06004f10 f   Mdebug.obj
 0001:00004110       _MTRACE_Create             06005110 f   Mdebug.obj
 0001:000041a0       _MTRACE_Destroy            060051a0 f   Mdebug.obj
 0001:000041f0       _MTRACE_ON                 060051f0 f   Mdebug.obj
 0001:00004220       _MTRACE_OFF                06005220 f   Mdebug.obj
 0001:00004250       _MTRACE_IsDumpFileOpen     06005250 f   Mdebug.obj
 0001:00004260       _MTRACE_DumpFileOpen       06005260 f   Mdebug.obj
 0001:00004420       _MTRACE_DumpFileClose      06005420 f   Mdebug.obj
 0001:00004590       _MTRACE_DumpFileClear      06005590 f   Mdebug.obj
 0001:00004680       ?assign@?$basic_string@DU?$char_traits@D@std@@V?$allocator@D@2@@std@@QAEAAV12@PBDI@Z 06005680 f i Mdebug.obj
 0001:00004720       ?max_size@?$basic_string@DU?$char_traits@D@std@@V?$allocator@D@2@@std@@QBEIXZ 06005720 f i Mdebug.obj
 0001:00004730       _SP_MPDownload@48          06005730 f   MP_Download.obj
 0001:000047d0       _CloseActiveSync@0         060057d0 f   MP_Download.obj
 0001:000047e0       _RestartActiveSync@4       060057e0 f   MP_Download.obj
 0001:000048d0       ??0MPDownload@@QAE@UMP_Download_ARG@@@Z 060058d0 f   MP_Download.obj
 0001:00004950       ??1MPDownload@@QAE@XZ      06005950 f   MP_Download.obj
 0001:00004990       ?Check_stop_flag@MPDownload@@IAEXXZ 06005990 f   MP_Download.obj
 0001:000049d0       ?open_wince_usb_port@MPDownload@@IAEHXZ 060059d0 f   MP_Download.obj
 0001:00004ab0       ?Download@MPDownload@@UAEXXZ 06005ab0 f   MP_Download.obj
 0001:00004ca0       ?WaitForPlatform@@YAHPAX@Z 06005ca0 f   MP_Download.obj
 0001:00004da0       ?Write_and_read_wait_pattern@MPDownload@@IAEHXZ 06005da0 f   MP_Download.obj
 0001:00004ee0       ?Write_and_read_go_on_pattern@MPDownload@@IAEHXZ 06005ee0 f   MP_Download.obj
 0001:00005020       ?Boot@MPDownload@@MAEHXZ   06006020 f   MP_Download.obj
 0001:00005230       ?wait_all_thread_finish@MPDownload@@IAEXXZ 06006230 f   MP_Download.obj
 0001:000052e0       ?Wait_entre_mpdl_mode_permitted@MPDownload@@IAEHXZ 060062e0 f   MP_Download.obj
 0001:00005380       ?SendImage@MPDownload@@IAEHXZ 06006380 f   MP_Download.obj
 0001:000056c0       ?GetActiveSyncPath@@YAHAAV?$basic_string@DU?$char_traits@D@std@@V?$allocator@D@2@@std@@@Z 060066c0 f   MP_Download.obj
 0001:000058b0       _VerQueryValueA@16         060068b0 f   version:VERSION.dll
 0001:000058b6       _GetFileVersionInfoA@16    060068b6 f   version:VERSION.dll
 0001:000058bc       _GetFileVersionInfoSizeA@8 060068bc f   version:VERSION.dll
 0001:000058c2       ??3@YAXPAX@Z               060068c2 f   msvcprt:delop_s.obj
 0001:000058cd       __onexit                   060068cd f   MSVCRT:atonexit.obj
 0001:000058f9       _atexit                    060068f9 f   MSVCRT:atonexit.obj
 0001:0000590c       ??2@YAPAXI@Z               0600690c f   MSVCRT:MSVCRT.dll
 0001:00005912       ___CxxFrameHandler         06006912 f   MSVCRT:MSVCRT.dll
 0001:00005920       ??0exception@@QAE@ABV0@@Z  06006920 f   MSVCRT:MSVCRT.dll
 0001:00005926       ??_Etype_info@@UAEPAXI@Z   06006926 f i MSVCRT:ti_inst.obj
 0001:00005926       ??_Gtype_info@@UAEPAXI@Z   06006926 f i MSVCRT:ti_inst.obj
 0001:00005942       ??1exception@@UAE@XZ       06006942 f   MSVCRT:MSVCRT.dll
 0001:00005948       __CxxThrowException@8      06006948 f   MSVCRT:MSVCRT.dll
 0001:0000594e       __ftol                     0600694e f   MSVCRT:MSVCRT.dll
 0001:00005954       __CRT_INIT@12              06006954 f   MSVCRT:crtdll.obj
 0001:000059ff       __DllMainCRTStartup@12     060069ff f   MSVCRT:crtdll.obj
 0001:00005a9c       _free                      06006a9c f   MSVCRT:MSVCRT.dll
 0001:00005aa2       ___dllonexit               06006aa2 f   MSVCRT:MSVCRT.dll
 0001:00005aa8       ??1type_info@@UAE@XZ       06006aa8 f   MSVCRT:MSVCRT.dll
 0001:00005aae       __initterm                 06006aae f   MSVCRT:MSVCRT.dll
 0002:00000000       __imp__RegQueryValueExA@24 06007000     advapi32:ADVAPI32.dll
 0002:00000004       __imp__RegCloseKey@4       06007004     advapi32:ADVAPI32.dll
 0002:00000008       __imp__RegOpenKeyExA@20    06007008     advapi32:ADVAPI32.dll
 0002:0000000c       \177ADVAPI32_NULL_THUNK_DATA 0600700c     advapi32:ADVAPI32.dll
 0002:00000010       __imp__ReadFile@20         06007010     kernel32:KERNEL32.dll
 0002:00000014       __imp__GetLocalTime@4      06007014     kernel32:KERNEL32.dll
 0002:00000018       __imp__CreateFileA@28      06007018     kernel32:KERNEL32.dll
 0002:0000001c       __imp__Sleep@4             0600701c     kernel32:KERNEL32.dll
 0002:00000020       __imp__SetCommTimeouts@8   06007020     kernel32:KERNEL32.dll
 0002:00000024       __imp__PurgeComm@8         06007024     kernel32:KERNEL32.dll
 0002:00000028       __imp__SetCommState@8      06007028     kernel32:KERNEL32.dll
 0002:0000002c       __imp__GetCommState@8      0600702c     kernel32:KERNEL32.dll
 0002:00000030       __imp__CloseHandle@4       06007030     kernel32:KERNEL32.dll
 0002:00000034       __imp__SetupComm@12        06007034     kernel32:KERNEL32.dll
 0002:00000038       __imp__WriteFile@20        06007038     kernel32:KERNEL32.dll
 0002:0000003c       __imp__GetLastError@0      0600703c     kernel32:KERNEL32.dll
 0002:00000040       __imp__GetFileSize@8       06007040     kernel32:KERNEL32.dll
 0002:00000044       __imp__InitializeCriticalSection@4 06007044     kernel32:KERNEL32.dll
 0002:00000048       __imp__DeleteCriticalSection@4 06007048     kernel32:KERNEL32.dll
 0002:0000004c       __imp__LeaveCriticalSection@4 0600704c     kernel32:KERNEL32.dll
 0002:00000050       __imp__OutputDebugStringA@4 06007050     kernel32:KERNEL32.dll
 0002:00000054       __imp__GetCurrentThreadId@0 06007054     kernel32:KERNEL32.dll
 0002:00000058       __imp__GetCurrentProcessId@0 06007058     kernel32:KERNEL32.dll
 0002:0000005c       __imp__EnterCriticalSection@4 0600705c     kernel32:KERNEL32.dll
 0002:00000060       __imp__SetFilePointer@16   06007060     kernel32:KERNEL32.dll
 0002:00000064       __imp__CreateProcessA@40   06007064     kernel32:KERNEL32.dll
 0002:00000068       __imp__ClearCommError@12   06007068     kernel32:KERNEL32.dll
 0002:0000006c       __imp__GetModuleFileNameA@12 0600706c     kernel32:KERNEL32.dll
 0002:00000070       \177KERNEL32_NULL_THUNK_DATA 06007070     kernel32:KERNEL32.dll
 0002:00000074       __imp_?_Xran@std@@YAXXZ    06007074     msvcprt:MSVCP60.dll
 0002:00000078       __imp_?_Xlen@std@@YAXXZ    06007078     msvcprt:MSVCP60.dll
 0002:0000007c       \177MSVCP60_NULL_THUNK_DATA 0600707c     msvcprt:MSVCP60.dll
 0002:00000080       __imp___fileno             06007080     MSVCRT:MSVCRT.dll
 0002:00000080       __imp__fileno              06007080     MSVCRT:MSVCRT.dll
 0002:00000084       __imp___initterm           06007084     MSVCRT:MSVCRT.dll
 0002:00000088       __imp___adjust_fdiv        06007088     MSVCRT:MSVCRT.dll
 0002:0000008c       __imp__fclose              0600708c     MSVCRT:MSVCRT.dll
 0002:00000090       __imp__sprintf             06007090     MSVCRT:MSVCRT.dll
 0002:00000094       __imp__localtime           06007094     MSVCRT:MSVCRT.dll
 0002:00000098       __imp___fstat              06007098     MSVCRT:MSVCRT.dll
 0002:0000009c       __imp__fopen               0600709c     MSVCRT:MSVCRT.dll
 0002:000000a0       __imp_??2@YAPAXI@Z         060070a0     MSVCRT:MSVCRT.dll
 0002:000000a4       __imp____CxxFrameHandler   060070a4     MSVCRT:MSVCRT.dll
 0002:000000a8       __imp__malloc              060070a8     MSVCRT:MSVCRT.dll
 0002:000000ac       __imp_??0exception@@QAE@ABV0@@Z 060070ac     MSVCRT:MSVCRT.dll
 0002:000000b0       __imp_??1exception@@UAE@XZ 060070b0     MSVCRT:MSVCRT.dll
 0002:000000b4       __imp_??0exception@@QAE@ABQBD@Z 060070b4     MSVCRT:MSVCRT.dll
 0002:000000b8       __imp___CxxThrowException@8 060070b8     MSVCRT:MSVCRT.dll
 0002:000000bc       __imp__memmove             060070bc     MSVCRT:MSVCRT.dll
 0002:000000c0       __imp___vsnprintf          060070c0     MSVCRT:MSVCRT.dll
 0002:000000c4       __imp___ftol               060070c4     MSVCRT:MSVCRT.dll
 0002:000000c8       __imp___mbsrchr            060070c8     MSVCRT:MSVCRT.dll
 0002:000000cc       __imp__fflush              060070cc     MSVCRT:MSVCRT.dll
 0002:000000d0       __imp__fprintf             060070d0     MSVCRT:MSVCRT.dll
 0002:000000d4       __imp___snprintf           060070d4     MSVCRT:MSVCRT.dll
 0002:000000d8       __imp___iob                060070d8     MSVCRT:MSVCRT.dll
 0002:000000dc       __imp__free                060070dc     MSVCRT:MSVCRT.dll
 0002:000000e0       __imp____dllonexit         060070e0     MSVCRT:MSVCRT.dll
 0002:000000e4       __imp___onexit             060070e4     MSVCRT:MSVCRT.dll
 0002:000000e8       __imp_??1type_info@@UAE@XZ 060070e8     MSVCRT:MSVCRT.dll
 0002:000000ec       \177MSVCRT_NULL_THUNK_DATA 060070ec     MSVCRT:MSVCRT.dll
 0002:000000f0       __imp__GetFileVersionInfoA@16 060070f0     version:VERSION.dll
 0002:000000f4       __imp__VerQueryValueA@16   060070f4     version:VERSION.dll
 0002:000000f8       __imp__GetFileVersionInfoSizeA@8 060070f8     version:VERSION.dll
 0002:000000fc       \177VERSION_NULL_THUNK_DATA 060070fc     version:VERSION.dll
 0002:00000100       ?_C@?1??_Nullstr@?$basic_string@DU?$char_traits@D@std@@V?$allocator@D@2@@std@@CAPBDXZ@4DB 06007100     dll_main.obj
 0002:00000104       ??_7eboot_slight_exception@@6B@ 06007104     eboot.obj
 0002:0000010c       ?npos@?$basic_string@DU?$char_traits@D@std@@V?$allocator@D@2@@std@@2IB 0600710c     eboot.obj
 0002:00000110       ??_7FTDownload@@6B@        06007110     FT_Download.obj
 0002:00000118       ??_7eboot_fault_exception@@6B@ 06007118     FT_Download.obj
 0002:00000120       __real@4@4005c800000000000000 06007120     FT_Download.obj
 0002:00000124       ??_7MetaTrace@@6B@         06007124     Mdebug.obj
 0002:00000128       ??_7MPDownload@@6B@        06007128     MP_Download.obj
 0002:00000134       ??_7type_info@@6B@         06007134     MSVCRT:ti_inst.obj
 0002:00000138       ??_R1A@?0A@A@type_info@@8  06007138     MSVCRT:ti_inst.obj
 0002:00000150       ??_R2type_info@@8          06007150     MSVCRT:ti_inst.obj
 0002:00000158       ??_R3type_info@@8          06007158     MSVCRT:ti_inst.obj
 0002:00000168       ??_R4type_info@@6B@        06007168     MSVCRT:ti_inst.obj
 0002:00000208       __CT??_R0?AVexception@@@8??0exception@@QAE@ABV0@@Z12 06007208     eboot.obj
 0002:00000228       __CTA1?AVexception@@       06007228     eboot.obj
 0002:00000230       __TI1?AVexception@@        06007230     eboot.obj
 0002:00000310       __CT??_R0?AVeboot_slight_exception@@@8??0eboot_slight_exception@@QAE@ABV0@@Z20 06007310     eboot.obj
 0002:00000330       __CTA1?AVeboot_slight_exception@@ 06007330     eboot.obj
 0002:00000338       __TI1?AVeboot_slight_exception@@ 06007338     eboot.obj
 0002:000003e8       __CT??_R0?AVuser_stop@@@81 060073e8     eboot.obj
 0002:00000408       __CTA1?AVuser_stop@@       06007408     eboot.obj
 0002:00000410       __TI1?AVuser_stop@@        06007410     eboot.obj
 0002:000006b8       __CT??_R0?AVeboot_fault_exception@@@8??0eboot_fault_exception@@QAE@ABV0@@Z20 060076b8     FT_Download.obj
 0002:000006d8       __CTA1?AVeboot_fault_exception@@ 060076d8     FT_Download.obj
 0002:000006e0       __TI1?AVeboot_fault_exception@@ 060076e0     FT_Download.obj
 0002:00000fa0       __IMPORT_DESCRIPTOR_KERNEL32 06007fa0     kernel32:KERNEL32.dll
 0002:00000fb4       __IMPORT_DESCRIPTOR_ADVAPI32 06007fb4     advapi32:ADVAPI32.dll
 0002:00000fc8       __IMPORT_DESCRIPTOR_VERSION 06007fc8     version:VERSION.dll
 0002:00000fdc       __IMPORT_DESCRIPTOR_MSVCP60 06007fdc     msvcprt:MSVCP60.dll
 0002:00000ff0       __IMPORT_DESCRIPTOR_MSVCRT 06007ff0     MSVCRT:MSVCRT.dll
 0002:00001004       __NULL_IMPORT_DESCRIPTOR   06008004     kernel32:KERNEL32.dll
 0003:00000000       ___xc_a                    06009000     MSVCRT:cinitexe.obj
 0003:00000020       ___xc_z                    06009020     MSVCRT:cinitexe.obj
 0003:00000024       ___xi_a                    06009024     MSVCRT:cinitexe.obj
 0003:00000028       ___xi_z                    06009028     MSVCRT:cinitexe.obj
 0003:00000030       ??_C@_0BO@LLMP@?$CF02d?1?$CF02d?1?$CF02d?5?$CF02d?3?$CF02d?3?$CF02d?$AA@ 06009030     dll_main.obj
 0003:00000050       ??_C@_02JKAF@rb?$AA@       06009050     dll_main.obj
 0003:00000054       ??_C@_0BN@POL@Create?5Process?5?$CFs?5Successful?$AA@ 06009054     eboot.obj
 0003:00000074       ??_C@_0BH@OBGE@Create?5Process?5?$CFs?5Fail?$AA@ 06009074     eboot.obj
 0003:0000008c       ??_C@_0BM@NNFD@D?3?2SP_Eboot?2Eboot?2eboot?4cpp?$AA@ 0600908c     eboot.obj
 0003:000000a8       ??_C@_0CC@LBLO@?6?6period?$DN?5?$CFd?5s?5DnSpeed?5?$DN?5?$CFd?5KB?1s@ 060090a8     eboot.obj
 0003:000000d0       ??_R0?AVexception@@@8      060090d0     eboot.obj
 0003:000000e8       ??_C@_0BA@MMIO@GetEbootComPort?$AA@ 060090e8     eboot.obj
 0003:000000f8       ??_C@_0BK@FDBK@?$FLCOM?$CFd?$FN?5Eboot?5exception?5?$CB?$AA@ 060090f8     eboot.obj
 0003:00000114       ??_C@_0BJ@KGE@User?5press?5stop?5button?5?$CB?$AA@ 06009114     eboot.obj
 0003:00000130       ??_C@_0DF@MMFI@?$FLCOM?$CFd?$FN?5Sucess?5to?5open?5?0?5USB?5Por@ 06009130     eboot.obj
 0003:00000168       ??_C@_0BB@LLAC@?2?2?4?2WCEUSBSH?$CF03d?$AA@ 06009168     eboot.obj
 0003:0000017c       ??_C@_0CP@EBJP@?$FLCOM?$CFd?$FN?5Wce?5usb?5port?5?$CFd?5already?5@ 0600917c     eboot.obj
 0003:000001ac       ??_C@_0BC@OFDC@BootMode?5Success?$CB?$AA@ 060091ac     eboot.obj
 0003:000001c0       ??_C@_0BB@CJGG@BootMode?5Fial?56?$CB?$AA@ 060091c0     eboot.obj
 0003:000001d4       ??_C@_0BB@BCJJ@BootMode?5Fial?55?$CB?$AA@ 060091d4     eboot.obj
 0003:000001e8       ??_C@_0BB@EDD@BootMode?5Fial?54?$CB?$AA@ 060091e8     eboot.obj
 0003:000001fc       ??_C@_0BB@GFGG@BootMode?5Fial?53?$CB?$AA@ 060091fc     eboot.obj
 0003:00000210       ??_C@_0BB@HDMM@BootMode?5Fial?52?$CB?$AA@ 06009210     eboot.obj
 0003:00000224       ??_C@_0BB@EIDD@BootMode?5Fial?51?$CB?$AA@ 06009224     eboot.obj
 0003:00000238       ??_C@_09GLGJ@?2?2?4?2COM?$CFd?$AA@ 06009238     eboot.obj
 0003:00000248       ??_R0?AVuser_stop@@@8      06009248     eboot.obj
 0003:00000260       ??_R0?AVeboot_slight_exception@@@8 06009260     eboot.obj
 0003:00000288       ??_C@_0CG@GGFC@?$FLCOM?$CFd?$FN?5?5Could?5not?5write?5MTEA?5?5t@ 06009288     eboot.obj
 0003:000002b0       ??_C@_0BP@BEID@?$FLCOM?$CFd?$FN?5?5Read?5MTEA?5ACK?5Error?5?$CB?$AA@ 060092b0     eboot.obj
 0003:000002d0       ??_C@_0CI@GDJD@?$FLCOM?$CFd?$FN?5?5Read?5Ready?5Pattern?5ACK?5@ 060092d0     eboot.obj
 0003:000002f8       ??_C@_0CD@CNJI@SP_BootAsMeta?5Set?5Boot?5Mode?5fail@ 060092f8     eboot.obj
 0003:0000031c       ??_C@_0BH@DACF@Try?5to?5entry?5Boot?5Mode?$AA@ 0600931c     eboot.obj
 0003:00000334       ??_C@_05HKPI@READY?$AA@    06009334     eboot.obj
 0003:0000033c       ??_C@_08LMFD@ATEMATEM?$AA@ 0600933c     eboot.obj
 0003:00000348       ??_C@_08BKAM@METAMETA?$AA@ 06009348     eboot.obj
 0003:00000354       ??_C@_0CC@IPCN@Could?5not?5write?5MODE?5data?5to?5WM?$CB@ 06009354     eboot.obj
 0003:00000378       ??_C@_0EF@MJOO@ACK?5and?5ReadACK?5compare?5success?0@ 06009378     eboot.obj
 0003:000003c0       ??_C@_0CH@FICC@Could?5not?5read?5META?5ACK?5data?5fro@ 060093c0     eboot.obj
 0003:000003e8       ??_C@_0CA@FAJK@ACK?5and?5ReadACK?5compare?5error?$CB?$CB?$AA@ 060093e8     eboot.obj
 0003:00000408       ??_C@_0CA@FIID@READY?5pattern?5compare?5success?$CB?$CB?$AA@ 06009408     eboot.obj
 0003:00000428       ??_C@_0BP@IDJH@Could?5not?5read?5READY?5from?5WM?$CB?$CB?$AA@ 06009428     eboot.obj
 0003:00000448       ??_C@_0DA@OPGP@READY?5pattern?5compare?5error?0?5may@ 06009448     eboot.obj
 0003:00000478       ??_C@_0CD@CNOK@Enter?5SP_BootAsFactoryNormalMode@ 06009478     eboot.obj
 0003:0000049c       ??_C@_08EEEA@MYROTCAF?$AA@ 0600949c     eboot.obj
 0003:000004a8       ??_C@_08HLMF@FACTORYM?$AA@ 060094a8     eboot.obj
 0003:000004b4       ??_C@_0BH@BOIC@?$FLCOM?$CFd?$FN?5?5retry?5over?5?$CB?$CB?$AA@ 060094b4     eboot.obj
 0003:000004cc       ??_C@_0CG@LGHE@?$FLCOM?$CFd?$FN?5?5Could?5not?5read?5?5?$CFs?5from@ 060094cc     eboot.obj
 0003:000004f4       ??_C@_0CC@KGHH@?$FLCOM?$CFd?$FN?5Read?5?$CFs?5compare?5success?$CB@ 060094f4     eboot.obj
 0003:00000518       ??_C@_0CB@PHMO@?$FLCOM?$CFd?$FN?5Read?5?$CFs?5compare?5error?$CB?$CB?$CB@ 06009518     eboot.obj
 0003:0000053c       ??_C@_0CN@JDKD@?$FLCOM?$CFd?$FN?5?5Read?5len?5?$CFd?5less?5than?5r@ 0600953c     eboot.obj
 0003:0000056c       ??_C@_0CB@NAAD@?$FLCOM?$CFd?$FN?5?5User?5Press?5Stop?5Button?$CB@ 0600956c     eboot.obj
 0003:00000590       ??_C@_09HOEP@EBOOT_DLL?$AA@ 06009590     eboot_debug.obj
 0003:0000059c       ??_C@_01LLF@w?$AA@         0600959c     eboot_debug.obj
 0003:000005a0       ??_C@_0CE@MCDF@Eboot_GetDLLInfo?$CI?$CJ?3?5LoadPath?$DN?$CF?91@ 060095a0     eboot_debug.obj
 0003:000005c4       ??_C@_0CH@MMNH@Eboot_GetDLLInfo?$CI?$CJ?3?5Build?9Date?3?5@ 060095c4     eboot_debug.obj
 0003:000005ec       ??_C@_0BO@GGEA@Eboot_GetDLLInfo?$CI?$CJ?3?5?$CFs?5?$CF?9100s?$AA@ 060095ec     eboot_debug.obj
 0003:0000060c       ??_C@_0ID@GGGM@?$DN?$DN?$DN?$DN?$DN?$DN?$DN?$DN?$DN?$DN?$DN?$DN?$DN?$DN?$DN?$DN?$DN?$DN?$DN?$DN?$DN?$DN?$DN?$DN?$DN?$DN?$DN?$DN?$DN?$DN?$DN?$DN@ 0600960c     eboot_debug.obj
 0003:00000690       ??_C@_0CC@FNGL@D?3?2SP_Eboot?2Eboot?2eboot_debug?4cp@ 06009690     eboot_debug.obj
 0003:000006b4       ??_C@_0CK@CMGO@Eboot_DebugOn?$CI?$CJ?3?5runtime?5trace?5i@ 060096b4     eboot_debug.obj
 0003:000006e0       ??_C@_0BB@BIB@C?3?2EBOOT_DLL?4log?$AA@ 060096e0     eboot_debug.obj
 0003:000006f4       ??_C@_0CM@MGJH@Eboot_DebugOff?$CI?$CJ?3?5runtime?5trace?5@ 060096f4     eboot_debug.obj
 0003:00000720       ??_C@_0BI@CENA@Eboot_DebugClear?$CI?$CJ?3?5OK?$CB?$AA@ 06009720     eboot_debug.obj
 0003:00000738       ??_C@_0BN@KPBP@Eboot_DebugClear?$CI?$CJ?3?5ret?$CI?$CFd?$CJ?4?$AA@ 06009738     eboot_debug.obj
 0003:00000758       ??_C@_07MFPH@?5ERROR?3?$AA@ 06009758     eboot_debug.obj
 0003:00000760       ??_C@_0BL@JIBH@EBOOT_DLL_v?$CFd?4?$CFd?4?$CF02d?4?$CF02d?$AA@ 06009760     eboot_debug.obj
 0003:0000077c       ??_C@_0BG@OOE@EBOOT_DLL_v?$CFd?4?$CFd?4?$CF02d?$AA@ 0600977c     eboot_debug.obj
 0003:00000794       ??_C@_0CC@GCGG@?2StringFileInfo?2?$CF04x?$CF04x?2Comment@ 06009794     eboot_debug.obj
 0003:000007b8       ??_C@_01PCFE@?2?$AA@       060097b8     eboot_debug.obj
 0003:000007bc       ??_C@_0BJ@KCFH@?2VarFileInfo?2Translation?$AA@ 060097bc     eboot_debug.obj
 0003:000007d8       ?_c_download_pattern@FTDownload@@1PBDB 060097d8     FT_Download.obj
 0003:000007dc       ?_c_download_ack_pattern@FTDownload@@1PBDB 060097dc     FT_Download.obj
 0003:000007e0       ?_c_ready_pattern@FTDownload@@1PBDB 060097e0     FT_Download.obj
 0003:000007e4       ??_C@_08MPAB@DAOLNWOD?$AA@ 060097e4     FT_Download.obj
 0003:000007f0       ??_C@_08NCEI@DOWNLOAD?$AA@ 060097f0     FT_Download.obj
 0003:000007fc       ??_C@_0DL@KCMO@?$FLCOM?$CFd?$FN?5Eboot?5exception?5arise?5wh@ 060097fc     FT_Download.obj
 0003:00000838       ??_C@_0CN@NPIB@?$FLCOM?$CFd?$FN?5?5SP_Download?5Close?5Handl@ 06009838     FT_Download.obj
 0003:00000868       ??_C@_0DL@LCBK@?$FLCOM?$CFd?$FN?5?5SP_Download?5Close?5Handl@ 06009868     FT_Download.obj
 0003:000008a4       ??_C@_0CN@DKLA@?$FLCOM?$CFd?$FN?5?5SP_Download?5Close?5Compo@ 060098a4     FT_Download.obj
 0003:000008d4       ??_C@_0BO@BIBC@?$FLCOM?$CFd?$FN?5?5Close?5File?5Handle?5?$CFd?$AA@ 060098d4     FT_Download.obj
 0003:000008f4       ??_C@_0BK@BIOL@?$FLCOM?$CFd?$FN?5?5Close?5COM?5Port?5?$CB?$AA@ 060098f4     FT_Download.obj
 0003:00000910       ??_C@_0CD@NGAG@?$FLCOM?$CFd?$FN?5?5Download?5Flash?4bin?5fail@ 06009910     FT_Download.obj
 0003:00000934       ??_C@_0BF@MLJK@?$FLCOM?$CFd?$FN?5?5Time?5Out?5?$CB?$CB?$AA@ 06009934     FT_Download.obj
 0003:0000094c       ??_C@_0CF@GLIK@?$FLCOM?$CFd?$FN?5?5open_wince_usb_port?5fai@ 0600994c     FT_Download.obj
 0003:00000974       ??_C@_0CB@EPEC@?$FLCOM?$CFd?$FN?5?5open_flash_file?5fail?5?$CB?$CB@ 06009974     FT_Download.obj
 0003:00000998       ??_C@_0BG@OAIP@?$FLCOM?$CFd?$FN?5?5Boot?5fail?5?$CB?$CB?$AA@ 06009998     FT_Download.obj
 0003:000009b0       ??_C@_0CB@OOMC@?$FLCOM?$CFd?$FN?5User?5press?5stop?5button?5?$CB@ 060099b0     FT_Download.obj
 0003:000009d8       ??_R0?AVeboot_fault_exception@@@8 060099d8     FT_Download.obj
 0003:000009fc       ??_C@_0BP@FDJC@?$FLCOM?$CFd?$FN?5Open?5USBSerial?5Success?$AA@ 060099fc     FT_Download.obj
 0003:00000a1c       ??_C@_0BP@CHMJ@?$FLCOM?$CFd?$FN?5?5?$CLOpen?5USBSerial?4?4?4?4?4?4?$AA@ 06009a1c     FT_Download.obj
 0003:00000a3c       ??_C@_0DJ@OPPM@?$FLCOM?$CFd?$FN?5Eboot?5exception?5arise?5wh@ 06009a3c     FT_Download.obj
 0003:00000a78       ??_C@_0BO@LNKN@?$FLCOM?$CFd?$FN?5?5Create?5file?5failed?4?4?$AA@ 06009a78     FT_Download.obj
 0003:00000a98       ??_C@_0DC@MAIF@?$FLCOM?$CFd?$FN?5Eboot?5exception?5arise?5?9?9@ 06009a98     FT_Download.obj
 0003:00000acc       ??_C@_0DP@DJHF@?$FLCOM?$CFd?$FN?5Eboot?5eboot_slight_excep@ 06009acc     FT_Download.obj
 0003:00000b0c       ??_C@_0CO@BOAK@?$FLCOM?$CFd?$FN?5?5Write_and_read_download@ 06009b0c     FT_Download.obj
 0003:00000b3c       ??_C@_0CK@JFIJ@?$FLCOM?$CFd?$FN?5?5Write_and_read_wait_pat@ 06009b3c     FT_Download.obj
 0003:00000b68       ??_C@_0CB@JJAC@?$FLCOM?$CFd?$FN?5?5Wait_ready_pattern?5fail@ 06009b68     FT_Download.obj
 0003:00000b8c       ??_C@_0BK@GNGI@?$FLCOM?$CFd?$FN?5?5BootMode?5Success?$AA@ 06009b8c     FT_Download.obj
 0003:00000ba8       ??_C@_0BI@KLOA@?$FLCOM?$CFd?$FN?5?5BootMode?5Error?$AA@ 06009ba8     FT_Download.obj
 0003:00000bc0       ??_C@_0CC@NCMJ@?$FLCOM?$CFd?$FN?5?5Enter?5SPBootAsFTDownloa@ 06009bc0     FT_Download.obj
 0003:00000be4       ??_C@_0CE@FJOE@?$FLCOM?$CFd?$FN?5?5Read?5Ready?5Pattern?5Erro@ 06009be4     FT_Download.obj
 0003:00000c08       ??_C@_0CE@COLB@?$FLCOM?$CFd?$FN?5?5Could?5not?5write?5?$CFs?5to?5W@ 06009c08     FT_Download.obj
 0003:00000c2c       ??_C@_0BE@INKP@?$FLCOM?$CFd?$FN?5?5Send?5?$CFs?5OK?$AA@ 06009c2c     FT_Download.obj
 0003:00000c40       ??_C@_0EJ@JAHL@?$FLCOM?$CFd?$FN?5Eboot?5exception?5arise?5?9?9@ 06009c40     FT_Download.obj
 0003:00000c8c       ??_C@_0CH@ICDI@?$FLCOM?$CFd?$FN?5?5Read?5WAIT?5Pattern?5ACK?5E@ 06009c8c     FT_Download.obj
 0003:00000cb4       ??_C@_0CE@LEKM@?$FLCOM?$CFd?$FN?5?5Write?5WAIT?5Pattern?5Erro@ 06009cb4     FT_Download.obj
 0003:00000cd8       ??_C@_0DP@PJJH@?$FLCOM?$CFd?$FN?5Eboot?5exception?5arise?5wh@ 06009cd8     FT_Download.obj
 0003:00000d18       ??_C@_0CJ@JDGD@?$FLCOM?$CFd?$FN?5Already?5used?5wce?5usb?5por@ 06009d18     FT_Download.obj
 0003:00000d44       ??_C@_0DG@JOFM@?$FLCOM?$CFd?$FN?5Try?5to?5open?5exist?5Wce?5US@ 06009d44     FT_Download.obj
 0003:00000d7c       ??_C@_0DF@CIDA@?$FLCOM?$CFd?$FN?5?5SendImage?5ReadFile1?5fai@ 06009d7c     FT_Download.obj
 0003:00000db4       ??_C@_0DF@MLIH@?$FLCOM?$CFd?$FN?5?5SendImage?5ReadFile2?5fai@ 06009db4     FT_Download.obj
 0003:00000dec       ??_C@_0DF@OBJ@?$FLCOM?$CFd?$FN?5?5SendImage?5WriteFile?5fai@ 06009dec     FT_Download.obj
 0003:00000e24       ??_C@_0BP@BBP@?$FLCOM?$CFd?$FN?5?5Alloc?5buffer?5failed?$CB?$CB?$AA@ 06009e24     FT_Download.obj
 0003:00000e44       ??_C@_04BAK@NULL?$AA@      06009e44     Mdebug.obj
 0003:00000e4c       ??_C@_06CFFB@MTRACE?$AA@   06009e4c     Mdebug.obj
 0003:00000e54       ??_C@_0CI@FOPI@?$CF02d?3?$CF02d?3?$CF02d?4?$CF03d?5?$CFs?$FL?$CFlu?$FN?$FL?$CFlu?$FN@ 06009e54     Mdebug.obj
 0003:00000e7c       ??_C@_0DH@JJKN@?$CF02d?1?$CF02d?1?$CF02d?5?$CF02d?3?$CF02d?3?$CF02d?4?$CF0@ 06009e7c     Mdebug.obj
 0003:00000eb4       ??_C@_0L@IEKB@?$CFs?5?$CI?$CFs?3?$CFd?$CJ?$AA@ 06009eb4     Mdebug.obj
 0003:00000ec0       ??_C@_02NGAF@wb?$AA@       06009ec0     Mdebug.obj
 0003:00000ec4       ?_c_go_on_pattern@MPDownload@@1PBDB 06009ec4     MP_Download.obj
 0003:00000ec8       ?_c_go_on_ack_pattern@MPDownload@@1PBDB 06009ec8     MP_Download.obj
 0003:00000ecc       ?_c_wait_pattern@MPDownload@@1PBDB 06009ecc     MP_Download.obj
 0003:00000ed0       ?_c_wait_ack_pattern@MPDownload@@1PBDB 06009ed0     MP_Download.obj
 0003:00000ed4       ??_C@_08NHOG@TIAWLDPM?$AA@ 06009ed4     MP_Download.obj
 0003:00000ee0       ??_C@_08FLAE@MPDLWAIT?$AA@ 06009ee0     MP_Download.obj
 0003:00000eec       ??_C@_08LBMP@NOOGLDPM?$AA@ 06009eec     MP_Download.obj
 0003:00000ef8       ??_C@_08KNPO@MPDLGOON?$AA@ 06009ef8     MP_Download.obj
 0003:00000f04       ??_C@_0BA@DNGB@tskill?5wcescomm?$AA@ 06009f04     MP_Download.obj
 0003:00000f14       ??_C@_0CG@HPKK@Wait?5to?5connect?5with?5platform?5Fa@ 06009f14     MP_Download.obj
 0003:00000f3c       ??_C@_07FMGG@FTREADY?$AA@  06009f3c     MP_Download.obj
 0003:00000f44       ??_C@_0CB@DDIM@Wait?5to?5connect?5with?5platform?4?4?4@ 06009f44     MP_Download.obj
 0003:00000f68       ??_C@_0CC@NKOC@D?3?2SP_Eboot?2Eboot?2MP_Download?4cp@ 06009f68     MP_Download.obj
 0003:00000f8c       ??_C@_0CI@EBAJ@?$FLCOM?$CFd?$FN?5?5Read?5GO?5ON?5Pattern?5ACK?5@ 06009f8c     MP_Download.obj
 0003:00000fb4       ??_C@_0CF@BGGF@?$FLCOM?$CFd?$FN?5?5Write?5GO?5ON?5Pattern?5Err@ 06009fb4     MP_Download.obj
 0003:00000fdc       ??_C@_0CL@FJHL@?$FLCOM?$CFd?$FN?5?5Write_and_read_go_on_pa@ 06009fdc     MP_Download.obj
 0003:00001008       ??_C@_0CN@DHNC@?$FLCOM?$CFd?$FN?5?5Wait_entre_mpdl_mode_pe@ 0600a008     MP_Download.obj
 0003:00001038       ??_C@_0CC@KFO@?$FLCOM?$CFd?$FN?5?5Enter?5SPBootAsMLDownloa@ 0600a038     MP_Download.obj
 0003:0000105c       ??_C@_0DM@PLNE@?$FLCOM?$CFd?$FN?5Eboot?5exception?5arise?5?3?5@ 0600a05c     MP_Download.obj
 0003:00001098       ??_C@_0CE@CKHN@?$FLCOM?$CFd?$FN?5?5All?5thread?8s?5download?5O@ 0600a098     MP_Download.obj
 0003:000010bc       ??_C@_0DH@FNLF@?$FLCOM?$CFd?$FN?5MP?5SendImage?5ReadFile1?5f@ 0600a0bc     MP_Download.obj
 0003:000010f4       ??_C@_0DH@LOAC@?$FLCOM?$CFd?$FN?5MP?5SendImage?5ReadFile2?5f@ 0600a0f4     MP_Download.obj
 0003:0000112c       ??_C@_0DH@HLJM@?$FLCOM?$CFd?$FN?5MP?5SendImage?5WriteFile?5f@ 0600a12c     MP_Download.obj
 0003:00001164       ??_C@_01HMO@?$CC?$AA@      0600a164     MP_Download.obj
 0003:00001168       ??_C@_0EB@OCNI@SOFTWARE?2Microsoft?2Windows?2Curre@ 0600a168     MP_Download.obj
 0003:000011b0       ??_R0?AVtype_info@@@8      0600a1b0     MSVCRT:ti_inst.obj
 0003:000011c8       ?g_EBOOT_DLL_BuildDate@@3V?$basic_string@DU?$char_traits@D@std@@V?$allocator@D@2@@std@@A 0600a1c8     dll_main.obj
 0003:000011d8       ?g_EBOOT_DLL_Version@@3V?$basic_string@DU?$char_traits@D@std@@V?$allocator@D@2@@std@@A 0600a1d8     dll_main.obj
 0003:000011e8       ?g_EBOOT_DLL_ReleaseType@@3V?$basic_string@DU?$char_traits@D@std@@V?$allocator@D@2@@std@@A 0600a1e8     dll_main.obj
 0003:000011f8       ?g_EBOOT_DLL_LoadPath@@3V?$basic_string@DU?$char_traits@D@std@@V?$allocator@D@2@@std@@A 0600a1f8     dll_main.obj
 0003:00001208       ?g_EBOOT_DLL_hMODULE@@3PAUHINSTANCE__@@A 0600a208     dll_main.obj
 0003:0000120c       ??_C@_00A@?$AA@            0600a20c     dll_main.obj
 0003:00001614       ?g_hEBOOT_DEBUG@@3PAUMetaTraceHandle@@A 0600a614     eboot_debug.obj
 0003:00001618       ?g_hVIRTUAL_IO_DEBUG@@3PAUMetaTraceHandle@@A 0600a618     eboot_debug.obj
 0003:001016a4       __adjust_fdiv              0610a6a4     <common>
 0003:001016a8       __pRawDllMain              0610a6a8     <common>
 0003:001016ac       ___onexitend               0610a6ac     <common>
 0003:001016b0       ___onexitbegin             0610a6b0     <common>

 entry point at        0001:000059ff

 Static symbols

 0001:00003de0       _$E24                      06004de0 f   Mdebug.obj
 0001:00003df0       _$E21                      06004df0 f   Mdebug.obj
 0001:00003e00       _$E23                      06004e00 f   Mdebug.obj
 0001:00003e10       _$E22                      06004e10 f   Mdebug.obj
 0001:00003e20       _$E29                      06004e20 f   Mdebug.obj
 0001:00003e30       _$E26                      06004e30 f   Mdebug.obj
 0001:00003e40       _$E28                      06004e40 f   Mdebug.obj
 0001:00003e50       _$E27                      06004e50 f   Mdebug.obj
 0001:00001e70       _$E24                      06002e70 f   eboot_debug.obj
 0001:00001e80       _$E21                      06002e80 f   eboot_debug.obj
 0001:00001eb0       _$E23                      06002eb0 f   eboot_debug.obj
 0001:00001ec0       _$E22                      06002ec0 f   eboot_debug.obj
 0001:00000000       _$E24                      06001000 f   dll_main.obj
 0001:00000010       _$E21                      06001010 f   dll_main.obj
 0001:000000f0       _$E23                      060010f0 f   dll_main.obj
 0001:00000100       _$E22                      06001100 f   dll_main.obj
 0001:00000150       _$E29                      06001150 f   dll_main.obj
 0001:00000160       _$E26                      06001160 f   dll_main.obj
 0001:00000240       _$E28                      06001240 f   dll_main.obj
 0001:00000250       _$E27                      06001250 f   dll_main.obj
 0001:000002a0       _$E34                      060012a0 f   dll_main.obj
 0001:000002b0       _$E31                      060012b0 f   dll_main.obj
 0001:00000390       _$E33                      06001390 f   dll_main.obj
 0001:000003a0       _$E32                      060013a0 f   dll_main.obj
 0001:000003f0       _$E39                      060013f0 f   dll_main.obj
 0001:00000400       _$E36                      06001400 f   dll_main.obj
 0001:000004e0       _$E38                      060014e0 f   dll_main.obj
 0001:000004f0       _$E37                      060014f0 f   dll_main.obj

 320 bytes saved through ICF

